// Jest Snapshot v1, https://goo.gl/fbAQLP

exports[`KbqUsername should use default input values 1`] = `
{
  "kbq-username": true,
  "kbq-username_default": true,
  "kbq-username_inline": true,
}
`;

exports[`KbqUsernamePipe should format full name using custom format 1`] = `
[
  "Alice B C",
  "Alice B. C.",
  "AliceB.C.",
  "A B C",
  "A.B.C.",
  "Alice B. C.",
]
`;
