// Jest Snapshot v1, https://goo.gl/fbAQLP

exports[`KbqBreadcrumbs core should apply the default size class to the breadcrumbs container 1`] = `
DOMTokenList {
  "0": "kbq-breadcrumbs",
  "1": "kbq-breadcrumbs_normal",
  "2": "kbq-breadcrumbs_first-item-negative-margin",
}
`;
